// Jest Snapshot v1, https://goo.gl/fbAQLP

exports[`Login Tests renders correctly with initial state 1`] = `
<View
  style={
    Object {
      "flex": 1,
      "padding": 10,
    }
  }
>
  <View
    style={
      Object {
        "alignItems": "center",
        "height": 250,
      }
    }
  >
    <SvgMock
      height="100%"
      width="100%"
    />
  </View>
  <View>
    <View
      style={
        Object {
          "marginBottom": 5,
        }
      }
    >
      <Text
        style={
          Object {
            "marginBottom": 10,
            "marginLeft": 10,
          }
        }
      >
        Email
      </Text>
      <View
        style={
          Object {
            "paddingHorizontal": 10,
            "width": "100%",
          }
        }
      >
        <View
          style={
            Object {
              "alignItems": "center",
              "borderBottomWidth": 1,
              "borderColor": "#ccc",
              "borderRadius": 5,
              "borderWidth": 1,
              "flexDirection": "row",
              "marginBottom": 5,
              "padding": 3,
              "transform": Array [
                Object {
                  "translateX": 0,
                },
              ],
            }
          }
        >
          <TextInput
            allowFontScaling={true}
            editable={true}
            name="username"
            onBlur={[Function]}
            onChangeText={[Function]}
            onDragStart={[Function]}
            onDrop={[Function]}
            onFocus={[Function]}
            placeholder="Email"
            rejectResponderTermination={true}
            style={
              Object {
                "alignSelf": "center",
                "color": "black",
                "flex": 1,
                "fontSize": 18,
                "minHeight": 40,
              }
            }
            testID="RNE__Input__text-input"
            underlineColorAndroid="transparent"
            value=""
          />
        </View>
      </View>
    </View>
    <View
      style={
        Object {
          "marginBottom": 5,
        }
      }
    >
      <Text
        style={
          Object {
            "marginBottom": 10,
            "marginLeft": 10,
          }
        }
      >
        Password
      </Text>
      <View
        style={
          Object {
            "paddingHorizontal": 10,
            "width": "100%",
          }
        }
      >
        <View
          style={
            Object {
              "alignItems": "center",
              "borderBottomWidth": 1,
              "borderColor": "#ccc",
              "borderRadius": 5,
              "borderWidth": 1,
              "flexDirection": "row",
              "marginBottom": 5,
              "padding": 3,
              "transform": Array [
                Object {
                  "translateX": 0,
                },
              ],
            }
          }
        >
          <TextInput
            allowFontScaling={true}
            editable={true}
            name="password"
            onBlur={[Function]}
            onChangeText={[Function]}
            onDragStart={[Function]}
            onDrop={[Function]}
            onFocus={[Function]}
            placeholder="Password"
            rejectResponderTermination={true}
            secureTextEntry={true}
            style={
              Object {
                "alignSelf": "center",
                "color": "black",
                "flex": 1,
                "fontSize": 18,
                "minHeight": 40,
              }
            }
            testID="RNE__Input__text-input"
            underlineColorAndroid="transparent"
            value=""
          />
        </View>
      </View>
    </View>
    <View
      style={
        Object {
          "alignItems": "center",
          "display": "flex",
          "flexDirection": "row",
          "justifyContent": "space-between",
          "marginBottom": 15,
        }
      }
    >
      <View>
        <View
          accessible={true}
          focusable={false}
          isTVSelectable={true}
          onClick={[Function]}
          onResponderGrant={[Function]}
          onResponderMove={[Function]}
          onResponderRelease={[Function]}
          onResponderTerminate={[Function]}
          onResponderTerminationRequest={[Function]}
          onStartShouldSetResponder={[Function]}
          style={
            Object {
              "backgroundColor": "#fafafa",
              "borderColor": "transparent",
              "borderRadius": 3,
              "borderWidth": 1,
              "margin": 5,
              "marginLeft": 0,
              "marginRight": 10,
              "opacity": 1,
              "padding": 0,
            }
          }
          testID="checkbox"
        >
          <View
            style={
              Object {
                "alignItems": "center",
                "flexDirection": "row",
              }
            }
          >
            <Text
              allowFontScaling={false}
              style={
                Array [
                  Object {
                    "color": "#bfbfbf",
                    "fontSize": 24,
                  },
                  Object {
                    "minWidth": 24,
                  },
                  Object {
                    "fontFamily": "FontAwesome",
                    "fontStyle": "normal",
                    "fontWeight": "normal",
                  },
                  Object {},
                ]
              }
            >
              ï‚–
            </Text>
            <Text
              style={
                Object {
                  "color": "#43484d",
                  "fontWeight": "bold",
                  "marginLeft": 10,
                  "marginRight": 10,
                }
              }
              testID="checkboxTitle"
              theme={
                Object {
                  "colors": Object {
                    "disabled": "hsl(208, 8%, 90%)",
                    "divider": "#bcbbc1",
                    "error": "#ff190c",
                    "grey0": "#393e42",
                    "grey1": "#43484d",
                    "grey2": "#5e6977",
                    "grey3": "#86939e",
                    "grey4": "#bdc6cf",
                    "grey5": "#e1e8ee",
                    "greyOutline": "#bbb",
                    "platform": Object {
                      "android": Object {
                        "error": "#f44336",
                        "primary": "#2196f3",
                        "secondary": "#9C27B0",
                        "success": "#4caf50",
                        "warning": "#ffeb3b",
                      },
                      "ios": Object {
                        "error": "#ff3b30",
                        "primary": "#007aff",
                        "secondary": "#5856d6",
                        "success": "#4cd964",
                        "warning": "#ffcc00",
                      },
                    },
                    "primary": "#2089dc",
                    "searchBg": "#303337",
                    "secondary": "#8F0CE8",
                    "success": "#52c41a",
                    "warning": "#faad14",
                  },
                }
              }
            >
              Ingat Saya
            </Text>
          </View>
        </View>
      </View>
      <Text>
        Lupa Password?
      </Text>
    </View>
    <View
      style={
        Object {
          "borderRadius": 3,
        }
      }
    >
      <View
        accessible={true}
        focusable={true}
        isTVSelectable={true}
        onClick={[Function]}
        onResponderGrant={[Function]}
        onResponderMove={[Function]}
        onResponderRelease={[Function]}
        onResponderTerminate={[Function]}
        onResponderTerminationRequest={[Function]}
        onStartShouldSetResponder={[Function]}
        style={
          Object {
            "color": "red",
            "opacity": 1,
          }
        }
      >
        <View
          style={
            Object {
              "alignItems": "center",
              "backgroundColor": "#2089dc",
              "borderColor": "#2089dc",
              "borderRadius": 3,
              "borderWidth": 0,
              "flexDirection": "row",
              "justifyContent": "center",
              "padding": 8,
            }
          }
        >
          <Text
            style={
              Object {
                "color": "white",
                "fontSize": 18,
                "paddingBottom": 1,
                "paddingTop": 2,
                "textAlign": "center",
              }
            }
          >
            Masuk
          </Text>
        </View>
      </View>
    </View>
  </View>
  <View
    style={
      Object {
        "alignSelf": "center",
        "display": "flex",
        "flexDirection": "row",
        "justifyContent": "center",
        "paddingVertical": 15,
        "width": 200,
      }
    }
  >
    <Text>
      Belum punya akun, 
    </Text>
    <Text
      onPress={[Function]}
      style={
        Object {
          "color": "#3088C8",
          "textDecorationLine": "underline",
        }
      }
    >
      Daftar disini
    </Text>
  </View>
</View>
`;
